0 verbose cli /usr/local/bin/node /usr/local/bin/npm
1 info using npm@11.16.0
2 info using node@v24.18.0
3 silly config load:file:/usr/local/lib/node_modules/npm/npmrc
4 silly config load:file:/Users/shaswatsinha/portfolio/.npmrc
5 silly config load:file:/Users/shaswatsinha/.npmrc
6 silly config load:file:/usr/local/etc/npmrc
7 verbose title npm install three @react-three/fiber @react-three/drei framer-motion @types/three
8 verbose argv "install" "three" "@react-three/fiber" "@react-three/drei" "framer-motion" "@types/three" "--cache" "/Users/shaswatsinha/portfolio/.npm-cache"
9 verbose logfile logs-max:10 dir:/Users/shaswatsinha/portfolio/.npm-cache/_logs/2026-09-19T10_46_31_505Z-
10 verbose logfile /Users/shaswatsinha/portfolio/.npm-cache/_logs/2026-09-19T10_46_31_505Z-debug-0.log
11 silly logfile done cleaning log files
12 silly packumentCache heap:4496293888 maxSize:1124073472 maxEntrySize:562036736
13 silly idealTree buildDeps
14 silly fetch manifest three@*
15 silly packumentCache full:https://registry.npmjs.org/three cache-miss
16 http fetch GET 200 https://registry.npmjs.org/three 133ms (cache miss)
17 silly packumentCache full:https://registry.npmjs.org/three set size:undefined disposed:false
18 silly fetch manifest @react-three/fiber@*
19 silly packumentCache full:https://registry.npmjs.org/@react-three%2ffiber cache-miss
20 http fetch GET 200 https://registry.npmjs.org/@react-three%2ffiber 295ms (cache miss)
21 silly packumentCache full:https://registry.npmjs.org/@react-three%2ffiber set size:undefined disposed:false
22 silly fetch manifest expo@>=43.0
23 silly packumentCache full:https://registry.npmjs.org/expo cache-miss
24 http fetch GET 200 https://registry.npmjs.org/expo 184ms (cache miss)
25 silly packumentCache full:https://registry.npmjs.org/expo set size:undefined disposed:false
26 silly fetch manifest @expo/metro-runtime@*
27 silly packumentCache full:https://registry.npmjs.org/@expo%2fmetro-runtime cache-miss
28 http fetch GET 200 https://registry.npmjs.org/@expo%2fmetro-runtime 76ms (cache miss)
29 silly packumentCache full:https://registry.npmjs.org/@expo%2fmetro-runtime set size:undefined disposed:false
30 silly fetch manifest react@19.2.8
31 silly packumentCache full:https://registry.npmjs.org/react cache-miss
32 http cache https://registry.npmjs.org/react 12ms (cache hit)
33 silly packumentCache full:https://registry.npmjs.org/react set size:6997055 disposed:false
34 silly fetch manifest react-dom@19.2.8
35 silly packumentCache full:https://registry.npmjs.org/react-dom cache-miss
36 http cache https://registry.npmjs.org/react-dom 9ms (cache hit)
37 silly packumentCache full:https://registry.npmjs.org/react-dom set size:9424681 disposed:false
38 silly fetch manifest react-native@*
39 silly packumentCache full:https://registry.npmjs.org/react-native cache-miss
40 http fetch GET 200 https://registry.npmjs.org/react-native 431ms (cache miss)
41 silly packumentCache full:https://registry.npmjs.org/react-native set size:undefined disposed:false
42 silly fetch manifest @types/react@^19
43 silly packumentCache full:https://registry.npmjs.org/@types%2freact cache-miss
44 http cache https://registry.npmjs.org/@types%2freact 3ms (cache hit)
45 silly packumentCache full:https://registry.npmjs.org/@types%2freact set size:2642161 disposed:false
46 silly fetch manifest react-native-web@*
47 silly packumentCache full:https://registry.npmjs.org/react-native-web cache-miss
48 http fetch GET 200 https://registry.npmjs.org/react-native-web 88ms (cache miss)
49 silly packumentCache full:https://registry.npmjs.org/react-native-web set size:undefined disposed:false
50 silly fetch manifest react-native-webview@*
51 silly packumentCache full:https://registry.npmjs.org/react-native-webview cache-miss
52 http fetch GET 200 https://registry.npmjs.org/react-native-webview 100ms (cache miss)
53 silly packumentCache full:https://registry.npmjs.org/react-native-webview set size:undefined disposed:false
54 silly fetch manifest expo-asset@>=8.4
55 silly packumentCache full:https://registry.npmjs.org/expo-asset cache-miss
56 http fetch GET 200 https://registry.npmjs.org/expo-asset 92ms (cache miss)
57 silly packumentCache full:https://registry.npmjs.org/expo-asset set size:undefined disposed:false
58 silly fetch manifest expo-file-system@>=11.0
59 silly packumentCache full:https://registry.npmjs.org/expo-file-system cache-miss
60 http fetch GET 200 https://registry.npmjs.org/expo-file-system 70ms (cache miss)
61 silly packumentCache full:https://registry.npmjs.org/expo-file-system set size:undefined disposed:false
62 silly fetch manifest expo-gl@>=11.0
63 silly packumentCache full:https://registry.npmjs.org/expo-gl cache-miss
64 http fetch GET 200 https://registry.npmjs.org/expo-gl 61ms (cache miss)
65 silly packumentCache full:https://registry.npmjs.org/expo-gl set size:undefined disposed:false
66 silly fetch manifest react-native-reanimated@*
67 silly packumentCache full:https://registry.npmjs.org/react-native-reanimated cache-miss
68 http fetch GET 200 https://registry.npmjs.org/react-native-reanimated 196ms (cache miss)
69 silly packumentCache full:https://registry.npmjs.org/react-native-reanimated set size:undefined disposed:false
70 silly fetch manifest react-native-worklets@0.13.x
71 silly packumentCache full:https://registry.npmjs.org/react-native-worklets cache-miss
72 http fetch GET 200 https://registry.npmjs.org/react-native-worklets 83ms (cache miss)
73 silly packumentCache full:https://registry.npmjs.org/react-native-worklets set size:undefined disposed:false
74 silly fetch manifest @babel/core@*
75 silly packumentCache full:https://registry.npmjs.org/@babel%2fcore cache-miss
76 http cache https://registry.npmjs.org/@babel%2fcore 3ms (cache hit)
77 silly packumentCache full:https://registry.npmjs.org/@babel%2fcore set size:797193 disposed:false
78 silly fetch manifest @react-native/metro-config@*
79 silly packumentCache full:https://registry.npmjs.org/@react-native%2fmetro-config cache-miss
80 http fetch GET 200 https://registry.npmjs.org/@react-native%2fmetro-config 158ms (cache miss)
81 silly packumentCache full:https://registry.npmjs.org/@react-native%2fmetro-config set size:undefined disposed:false
82 silly fetch manifest @react-three/drei@*
83 silly packumentCache full:https://registry.npmjs.org/@react-three%2fdrei cache-miss
84 http fetch GET 200 https://registry.npmjs.org/@react-three%2fdrei 388ms (cache miss)
85 silly packumentCache full:https://registry.npmjs.org/@react-three%2fdrei set size:undefined disposed:false
86 silly fetch manifest framer-motion@*
87 silly packumentCache full:https://registry.npmjs.org/framer-motion cache-miss
88 http fetch GET 200 https://registry.npmjs.org/framer-motion 267ms (cache miss)
89 silly packumentCache full:https://registry.npmjs.org/framer-motion set size:undefined disposed:false
90 silly fetch manifest @types/three@*
91 silly packumentCache full:https://registry.npmjs.org/@types%2fthree cache-miss
92 http fetch GET 200 https://registry.npmjs.org/@types%2fthree 497ms (cache miss)
93 silly packumentCache full:https://registry.npmjs.org/@types%2fthree set size:undefined disposed:false
94 silly placeDep ROOT @react-three/drei@10.7.8 OK for: portfolio@0.1.0 want: *
95 silly placeDep ROOT three@0.186.0 OK for: @react-three/drei@10.7.8 want: >=0.159
96 silly placeDep ROOT @react-three/fiber@9.7.0 OK for: @react-three/drei@10.7.8 want: ^9.0.0
97 silly placeDep ROOT @react-three/fiber@9.7.0 REPLACE for: portfolio@0.1.0 want: *
98 silly placeDep ROOT @types/three@0.186.0 OK for: portfolio@0.1.0 want: *
99 silly placeDep ROOT framer-motion@13.4.0 OK for: portfolio@0.1.0 want: *
100 silly placeDep ROOT three@0.186.0 REPLACE for: portfolio@0.1.0 want: *
101 silly fetch manifest maath@^0.10.8
102 silly packumentCache full:https://registry.npmjs.org/maath cache-miss
103 silly fetch manifest hls.js@^1.5.17
104 silly packumentCache full:https://registry.npmjs.org/hls.js cache-miss
105 silly fetch manifest zustand@^5.0.1
106 silly packumentCache full:https://registry.npmjs.org/zustand cache-miss
107 silly fetch manifest meshline@^3.3.1
108 silly packumentCache full:https://registry.npmjs.org/meshline cache-miss
109 silly fetch manifest stats-gl@^2.2.8
110 silly packumentCache full:https://registry.npmjs.org/stats-gl cache-miss
111 silly fetch manifest stats.js@^0.17.0
112 silly packumentCache full:https://registry.npmjs.org/stats.js cache-miss
113 silly fetch manifest cross-env@^7.0.3
114 silly packumentCache full:https://registry.npmjs.org/cross-env cache-miss
115 silly fetch manifest detect-gpu@^5.0.56
116 silly packumentCache full:https://registry.npmjs.org/detect-gpu cache-miss
117 silly fetch manifest glsl-noise@^0.0.0
118 silly packumentCache full:https://registry.npmjs.org/glsl-noise cache-miss
119 http fetch GET 200 https://registry.npmjs.org/maath 30ms (cache miss)
120 silly packumentCache full:https://registry.npmjs.org/maath set size:undefined disposed:false
121 silly fetch manifest tunnel-rat@^0.1.2
122 silly packumentCache full:https://registry.npmjs.org/tunnel-rat cache-miss
123 http fetch GET 200 https://registry.npmjs.org/tunnel-rat 22ms (cache miss)
124 silly packumentCache full:https://registry.npmjs.org/tunnel-rat set size:undefined disposed:false
125 silly fetch manifest three-stdlib@^2.35.6
126 silly packumentCache full:https://registry.npmjs.org/three-stdlib cache-miss
127 http fetch GET 200 https://registry.npmjs.org/meshline 59ms (cache miss)
128 silly packumentCache full:https://registry.npmjs.org/meshline set size:undefined disposed:false
129 silly fetch manifest suspend-react@^0.1.3
130 silly packumentCache full:https://registry.npmjs.org/suspend-react cache-miss
131 http fetch GET 200 https://registry.npmjs.org/stats.js 62ms (cache miss)
132 silly packumentCache full:https://registry.npmjs.org/stats.js set size:undefined disposed:false
133 silly fetch manifest utility-types@^3.11.0
134 silly packumentCache full:https://registry.npmjs.org/utility-types cache-miss
135 http fetch GET 200 https://registry.npmjs.org/glsl-noise 94ms (cache miss)
136 silly packumentCache full:https://registry.npmjs.org/glsl-noise set size:undefined disposed:false
137 silly fetch manifest @babel/runtime@^7.26.0
138 silly packumentCache full:https://registry.npmjs.org/@babel%2fruntime cache-miss
139 http fetch GET 200 https://registry.npmjs.org/cross-env 107ms (cache miss)
140 silly packumentCache full:https://registry.npmjs.org/cross-env set size:undefined disposed:false
141 silly fetch manifest three-mesh-bvh@^0.8.3
142 silly packumentCache full:https://registry.npmjs.org/three-mesh-bvh cache-miss
143 http fetch GET 200 https://registry.npmjs.org/zustand 112ms (cache miss)
144 silly packumentCache full:https://registry.npmjs.org/zustand set size:undefined disposed:false
145 silly fetch manifest camera-controls@^3.1.0
146 silly packumentCache full:https://registry.npmjs.org/camera-controls cache-miss
147 http fetch GET 200 https://registry.npmjs.org/suspend-react 67ms (cache miss)
148 silly packumentCache full:https://registry.npmjs.org/suspend-react set size:undefined disposed:false
149 silly fetch manifest troika-three-text@^0.52.4
150 silly packumentCache full:https://registry.npmjs.org/troika-three-text cache-miss
151 http fetch GET 200 https://registry.npmjs.org/three-stdlib 79ms (cache miss)
152 silly packumentCache full:https://registry.npmjs.org/three-stdlib set size:undefined disposed:false
153 silly fetch manifest @use-gesture/react@^10.3.1
154 silly packumentCache full:https://registry.npmjs.org/@use-gesture%2freact cache-miss
155 http fetch GET 200 https://registry.npmjs.org/camera-controls 48ms (cache miss)
156 silly packumentCache full:https://registry.npmjs.org/camera-controls set size:undefined disposed:false
157 silly fetch manifest @monogrid/gainmap-js@^3.0.6
158 silly packumentCache full:https://registry.npmjs.org/@monogrid%2fgainmap-js cache-miss
159 http fetch GET 200 https://registry.npmjs.org/troika-three-text 42ms (cache miss)
160 silly packumentCache full:https://registry.npmjs.org/troika-three-text set size:undefined disposed:false
161 silly fetch manifest @mediapipe/tasks-vision@0.10.17
162 silly packumentCache full:https://registry.npmjs.org/@mediapipe%2ftasks-vision cache-miss
163 http fetch GET 200 https://registry.npmjs.org/@babel%2fruntime 151ms (cache miss)
164 silly packumentCache full:https://registry.npmjs.org/@babel%2fruntime set size:undefined disposed:false
165 silly fetch manifest use-sync-external-store@^1.4.0
166 silly packumentCache full:https://registry.npmjs.org/use-sync-external-store cache-miss
167 http fetch GET 200 https://registry.npmjs.org/@use-gesture%2freact 121ms (cache miss)
168 silly packumentCache full:https://registry.npmjs.org/@use-gesture%2freact set size:undefined disposed:false
169 silly fetch manifest buffer@^6.0.3
170 silly packumentCache full:https://registry.npmjs.org/buffer cache-miss
171 http fetch GET 200 https://registry.npmjs.org/stats-gl 293ms (cache miss)
172 silly packumentCache full:https://registry.npmjs.org/stats-gl set size:undefined disposed:false
173 silly fetch manifest zustand@^5.0.3
174 silly packumentCache full:https://registry.npmjs.org/zustand cache-miss
175 http cache https://registry.npmjs.org/zustand 2ms (cache hit)
176 silly packumentCache full:https://registry.npmjs.org/zustand set size:489641 disposed:false
177 silly fetch manifest its-fine@^2.0.0
178 silly packumentCache full:https://registry.npmjs.org/its-fine cache-miss
179 http fetch GET 200 https://registry.npmjs.org/buffer 53ms (cache miss)
180 silly packumentCache full:https://registry.npmjs.org/buffer set size:undefined disposed:false
181 silly fetch manifest base64-js@^1.5.1
182 silly packumentCache full:https://registry.npmjs.org/base64-js cache-miss
183 http fetch GET 200 https://registry.npmjs.org/utility-types 311ms (cache miss)
184 silly packumentCache full:https://registry.npmjs.org/utility-types set size:undefined disposed:false
185 silly fetch manifest @types/webxr@*
186 silly packumentCache full:https://registry.npmjs.org/@types%2fwebxr cache-miss
187 http fetch GET 200 https://registry.npmjs.org/base64-js 92ms (cache miss)
188 silly packumentCache full:https://registry.npmjs.org/base64-js set size:undefined disposed:false
189 silly fetch manifest @babel/runtime@^7.17.8
190 silly packumentCache full:https://registry.npmjs.org/@babel%2fruntime cache-miss
191 http cache https://registry.npmjs.org/@babel%2fruntime 4ms (cache hit)
192 silly packumentCache full:https://registry.npmjs.org/@babel%2fruntime set size:3488363 disposed:false
193 silly fetch manifest react-use-measure@^2.1.7
194 silly packumentCache full:https://registry.npmjs.org/react-use-measure cache-miss
195 http fetch GET 200 https://registry.npmjs.org/its-fine 182ms (cache miss)
196 silly packumentCache full:https://registry.npmjs.org/its-fine set size:undefined disposed:false
197 silly fetch manifest use-sync-external-store@^1.4.0
198 silly packumentCache full:https://registry.npmjs.org/use-sync-external-store cache-miss
199 http fetch GET 200 https://registry.npmjs.org/three-mesh-bvh 376ms (cache miss)
200 silly packumentCache full:https://registry.npmjs.org/three-mesh-bvh set size:undefined disposed:false
201 silly fetch manifest @types/webxr@*
202 silly packumentCache full:https://registry.npmjs.org/@types%2fwebxr cache-miss
203 http fetch GET 200 https://registry.npmjs.org/detect-gpu 512ms (cache miss)
204 silly packumentCache full:https://registry.npmjs.org/detect-gpu set size:undefined disposed:false
205 silly fetch manifest react-use-measure@^2.1.7
206 silly packumentCache full:https://registry.npmjs.org/react-use-measure cache-miss
207 http fetch GET 200 https://registry.npmjs.org/react-use-measure 108ms (cache miss)
208 silly packumentCache full:https://registry.npmjs.org/react-use-measure set size:undefined disposed:false
209 silly fetch manifest use-sync-external-store@^1.4.0
210 silly packumentCache full:https://registry.npmjs.org/use-sync-external-store cache-miss
211 http fetch GET 200 https://registry.npmjs.org/react-use-measure 102ms (cache miss)
212 silly packumentCache full:https://registry.npmjs.org/react-use-measure set size:undefined disposed:false
213 silly fetch manifest fflate@~0.8.3
214 silly packumentCache full:https://registry.npmjs.org/fflate cache-miss
215 http fetch GET 200 https://registry.npmjs.org/@monogrid%2fgainmap-js 557ms (cache miss)
216 silly packumentCache full:https://registry.npmjs.org/@monogrid%2fgainmap-js set size:undefined disposed:false
217 silly fetch manifest @types/webxr@>=0.5.17
218 silly packumentCache full:https://registry.npmjs.org/@types%2fwebxr cache-miss
219 http fetch GET 200 https://registry.npmjs.org/fflate 158ms (cache miss)
220 silly packumentCache full:https://registry.npmjs.org/fflate set size:undefined disposed:false
221 silly fetch manifest meshoptimizer@~1.1.1
222 silly packumentCache full:https://registry.npmjs.org/meshoptimizer cache-miss
223 http fetch GET 200 https://registry.npmjs.org/meshoptimizer 140ms (cache miss)
224 silly packumentCache full:https://registry.npmjs.org/meshoptimizer set size:undefined disposed:false
225 silly fetch manifest @types/stats.js@*
226 silly packumentCache full:https://registry.npmjs.org/@types%2fstats.js cache-miss
227 http fetch GET 200 https://registry.npmjs.org/@types%2fwebxr 629ms (cache miss)
228 silly packumentCache full:https://registry.npmjs.org/@types%2fwebxr set size:undefined disposed:false
229 silly fetch manifest @tweenjs/tween.js@~23.1.3
230 silly packumentCache full:https://registry.npmjs.org/@tweenjs%2ftween.js cache-miss
231 http fetch GET 200 https://registry.npmjs.org/@types%2fwebxr 395ms (cache miss)
232 silly packumentCache full:https://registry.npmjs.org/@types%2fwebxr set size:undefined disposed:false
233 silly fetch manifest @dimforge/rapier3d-compat@~0.12.0
234 silly packumentCache full:https://registry.npmjs.org/@dimforge%2frapier3d-compat cache-miss
235 http fetch GET 200 https://registry.npmjs.org/@types%2fwebxr 746ms (cache miss)
236 silly packumentCache full:https://registry.npmjs.org/@types%2fwebxr set size:undefined disposed:false
237 silly fetch manifest motion-dom@^13.3.0
238 silly packumentCache full:https://registry.npmjs.org/motion-dom cache-miss
239 http fetch GET 200 https://registry.npmjs.org/@types%2fstats.js 286ms (cache miss)
240 silly packumentCache full:https://registry.npmjs.org/@types%2fstats.js set size:undefined disposed:false
241 silly fetch manifest motion-utils@^13.3.0
242 silly packumentCache full:https://registry.npmjs.org/motion-utils cache-miss
243 http fetch GET 200 https://registry.npmjs.org/use-sync-external-store 953ms (cache miss)
244 silly packumentCache full:https://registry.npmjs.org/use-sync-external-store set size:undefined disposed:false
245 http fetch GET 200 https://registry.npmjs.org/@mediapipe%2ftasks-vision 1068ms (cache miss)
246 silly packumentCache full:https://registry.npmjs.org/@mediapipe%2ftasks-vision set size:undefined disposed:false
247 http fetch GET 200 https://registry.npmjs.org/motion-dom 156ms (cache miss)
248 silly packumentCache full:https://registry.npmjs.org/motion-dom set size:undefined disposed:false
249 http fetch GET 200 https://registry.npmjs.org/motion-utils 177ms (cache miss)
250 silly packumentCache full:https://registry.npmjs.org/motion-utils set size:undefined disposed:false
251 http fetch GET 200 https://registry.npmjs.org/use-sync-external-store 1165ms (cache miss)
252 silly packumentCache full:https://registry.npmjs.org/use-sync-external-store set size:undefined disposed:false
253 http fetch GET 200 https://registry.npmjs.org/@dimforge%2frapier3d-compat 547ms (cache miss)
254 silly packumentCache full:https://registry.npmjs.org/@dimforge%2frapier3d-compat set size:undefined disposed:false
255 http fetch GET 200 https://registry.npmjs.org/@tweenjs%2ftween.js 558ms (cache miss)
256 silly packumentCache full:https://registry.npmjs.org/@tweenjs%2ftween.js set size:undefined disposed:false
257 http fetch GET 200 https://registry.npmjs.org/use-sync-external-store 1201ms (cache miss)
258 silly packumentCache full:https://registry.npmjs.org/use-sync-external-store set size:undefined disposed:false
259 http fetch GET 200 https://registry.npmjs.org/hls.js 1761ms (cache miss)
260 silly packumentCache full:https://registry.npmjs.org/hls.js set size:undefined disposed:false
261 silly fetch manifest @types/three@>=0.134.0
262 silly packumentCache full:https://registry.npmjs.org/@types%2fthree cache-miss
263 http cache https://registry.npmjs.org/@types%2fthree 5ms (cache hit)
264 silly packumentCache full:https://registry.npmjs.org/@types%2fthree set size:655038 disposed:false
265 silly fetch manifest three@>=0.159
266 silly packumentCache full:https://registry.npmjs.org/three cache-miss
267 http cache https://registry.npmjs.org/three 1ms (cache hit)
268 silly packumentCache full:https://registry.npmjs.org/three set size:937724 disposed:false
269 silly fetch manifest @types/react@>=18.0.0
270 silly packumentCache full:https://registry.npmjs.org/@types%2freact cache-miss
271 http cache https://registry.npmjs.org/@types%2freact 2ms (cache hit)
272 silly packumentCache full:https://registry.npmjs.org/@types%2freact set size:2642161 disposed:false
273 silly fetch manifest immer@>=9.0.6
274 silly packumentCache full:https://registry.npmjs.org/immer cache-miss
275 http fetch GET 200 https://registry.npmjs.org/immer 56ms (cache miss)
276 silly packumentCache full:https://registry.npmjs.org/immer set size:undefined disposed:false
277 silly fetch manifest react@^19
278 silly packumentCache full:https://registry.npmjs.org/react cache-miss
279 http cache https://registry.npmjs.org/react 6ms (cache hit)
280 silly packumentCache full:https://registry.npmjs.org/react set size:6997055 disposed:false
281 silly placeDep ROOT @babel/runtime@7.29.7 OK for: @react-three/drei@10.7.8 want: ^7.26.0
282 silly placeDep ROOT @mediapipe/tasks-vision@0.10.17 OK for: @react-three/drei@10.7.8 want: 0.10.17
283 silly placeDep ROOT @monogrid/gainmap-js@3.4.0 OK for: @react-three/drei@10.7.8 want: ^3.0.6
284 silly placeDep ROOT @use-gesture/react@10.3.1 OK for: @react-three/drei@10.7.8 want: ^10.3.1
285 silly placeDep ROOT camera-controls@3.1.2 OK for: @react-three/drei@10.7.8 want: ^3.1.0
286 silly placeDep ROOT cross-env@7.0.3 OK for: @react-three/drei@10.7.8 want: ^7.0.3
287 silly placeDep ROOT detect-gpu@5.0.70 OK for: @react-three/drei@10.7.8 want: ^5.0.56
288 silly placeDep ROOT glsl-noise@0.0.0 OK for: @react-three/drei@10.7.8 want: ^0.0.0
289 silly placeDep ROOT hls.js@1.7.3 OK for: @react-three/drei@10.7.8 want: ^1.5.17
290 silly placeDep ROOT maath@0.10.8 OK for: @react-three/drei@10.7.8 want: ^0.10.8
291 silly placeDep ROOT meshline@3.3.1 OK for: @react-three/drei@10.7.8 want: ^3.3.1
292 silly placeDep ROOT stats-gl@2.4.2 OK for: @react-three/drei@10.7.8 want: ^2.2.8
293 silly placeDep ROOT stats.js@0.17.0 OK for: @react-three/drei@10.7.8 want: ^0.17.0
294 silly placeDep ROOT suspend-react@0.1.3 OK for: @react-three/drei@10.7.8 want: ^0.1.3
295 silly placeDep ROOT three-mesh-bvh@0.8.3 OK for: @react-three/drei@10.7.8 want: ^0.8.3
296 silly placeDep ROOT three-stdlib@2.36.1 OK for: @react-three/drei@10.7.8 want: ^2.35.6
297 silly placeDep ROOT troika-three-text@0.52.5 OK for: @react-three/drei@10.7.8 want: ^0.52.4
298 silly placeDep ROOT tunnel-rat@0.1.2 OK for: @react-three/drei@10.7.8 want: ^0.1.2
299 silly placeDep ROOT use-sync-external-store@1.7.0 OK for: @react-three/drei@10.7.8 want: ^1.4.0
300 silly placeDep ROOT utility-types@3.11.0 OK for: @react-three/drei@10.7.8 want: ^3.11.0
301 silly placeDep ROOT zustand@5.0.15 OK for: @react-three/drei@10.7.8 want: ^5.0.1
302 silly fetch manifest promise-worker-transferable@^1.0.4
303 silly packumentCache full:https://registry.npmjs.org/promise-worker-transferable cache-miss
304 silly fetch manifest @use-gesture/core@10.3.1
305 silly packumentCache full:https://registry.npmjs.org/@use-gesture%2fcore cache-miss
306 silly fetch manifest webgl-constants@^1.1.1
307 silly packumentCache full:https://registry.npmjs.org/webgl-constants cache-miss
308 silly fetch manifest three@^0.170.0
309 silly packumentCache full:https://registry.npmjs.org/three cache-hit
310 silly fetch manifest @types/draco3d@^1.4.0
311 silly packumentCache full:https://registry.npmjs.org/@types%2fdraco3d cache-miss
312 silly fetch manifest @types/offscreencanvas@^2019.6.4
313 silly packumentCache full:https://registry.npmjs.org/@types%2foffscreencanvas cache-miss
314 silly fetch manifest @types/webxr@^0.5.2
315 silly packumentCache full:https://registry.npmjs.org/@types%2fwebxr cache-miss
316 silly fetch manifest draco3d@^1.4.1
317 silly packumentCache full:https://registry.npmjs.org/draco3d cache-miss
318 silly fetch manifest fflate@^0.6.9
319 silly packumentCache full:https://registry.npmjs.org/fflate cache-miss
320 silly fetch manifest potpack@^1.0.1
321 silly packumentCache full:https://registry.npmjs.org/potpack cache-miss
322 http cache https://registry.npmjs.org/fflate 3ms (cache hit)
323 silly packumentCache full:https://registry.npmjs.org/fflate set size:220550 disposed:false
324 silly fetch manifest bidi-js@^1.0.2
325 silly packumentCache full:https://registry.npmjs.org/bidi-js cache-miss
326 http cache https://registry.npmjs.org/@types%2fwebxr 4ms (cache hit)
327 silly packumentCache full:https://registry.npmjs.org/@types%2fwebxr set size:64472 disposed:false
328 silly fetch manifest troika-three-utils@^0.52.5
329 silly packumentCache full:https://registry.npmjs.org/troika-three-utils cache-miss
330 http fetch GET 200 https://registry.npmjs.org/bidi-js 72ms (cache miss)
331 silly packumentCache full:https://registry.npmjs.org/bidi-js set size:undefined disposed:false
332 silly fetch manifest troika-worker-utils@^0.52.0
333 silly packumentCache full:https://registry.npmjs.org/troika-worker-utils cache-miss
334 http fetch GET 200 https://registry.npmjs.org/promise-worker-transferable 76ms (cache miss)
335 silly packumentCache full:https://registry.npmjs.org/promise-worker-transferable set size:undefined disposed:false
336 silly fetch manifest webgl-sdf-generator@1.1.1
337 silly packumentCache full:https://registry.npmjs.org/webgl-sdf-generator cache-miss
338 http fetch GET 200 https://registry.npmjs.org/@types%2foffscreencanvas 113ms (cache miss)
339 silly packumentCache full:https://registry.npmjs.org/@types%2foffscreencanvas set size:undefined disposed:false
340 silly fetch manifest zustand@^4.3.2
341 silly packumentCache full:https://registry.npmjs.org/zustand cache-hit
342 http fetch GET 200 https://registry.npmjs.org/potpack 114ms (cache miss)
343 silly packumentCache full:https://registry.npmjs.org/potpack set size:undefined disposed:false
344 http fetch GET 200 https://registry.npmjs.org/draco3d 115ms (cache miss)
345 silly packumentCache full:https://registry.npmjs.org/draco3d set size:undefined disposed:false
346 http fetch GET 200 https://registry.npmjs.org/@types%2fdraco3d 116ms (cache miss)
347 silly packumentCache full:https://registry.npmjs.org/@types%2fdraco3d set size:undefined disposed:false
348 http fetch GET 200 https://registry.npmjs.org/troika-three-utils 112ms (cache miss)
349 silly packumentCache full:https://registry.npmjs.org/troika-three-utils set size:undefined disposed:false
350 http fetch GET 200 https://registry.npmjs.org/troika-worker-utils 66ms (cache miss)
351 silly packumentCache full:https://registry.npmjs.org/troika-worker-utils set size:undefined disposed:false
352 http fetch GET 200 https://registry.npmjs.org/@use-gesture%2fcore 261ms (cache miss)
353 silly packumentCache full:https://registry.npmjs.org/@use-gesture%2fcore set size:undefined disposed:false
354 http fetch GET 200 https://registry.npmjs.org/webgl-constants 293ms (cache miss)
355 silly packumentCache full:https://registry.npmjs.org/webgl-constants set size:undefined disposed:false
356 http fetch GET 200 https://registry.npmjs.org/webgl-sdf-generator 266ms (cache miss)
357 silly packumentCache full:https://registry.npmjs.org/webgl-sdf-generator set size:undefined disposed:false
358 silly placeDep ROOT promise-worker-transferable@1.0.4 OK for: @monogrid/gainmap-js@3.4.0 want: ^1.0.4
359 silly fetch manifest is-promise@^2.1.0
360 silly packumentCache full:https://registry.npmjs.org/is-promise cache-miss
361 silly fetch manifest lie@^3.0.2
362 silly packumentCache full:https://registry.npmjs.org/lie cache-miss
363 http fetch GET 200 https://registry.npmjs.org/is-promise 27ms (cache miss)
364 silly packumentCache full:https://registry.npmjs.org/is-promise set size:undefined disposed:false
365 http fetch GET 200 https://registry.npmjs.org/lie 40ms (cache miss)
366 silly packumentCache full:https://registry.npmjs.org/lie set size:undefined disposed:false
367 silly fetch manifest react@>=19 <19.3
368 silly packumentCache full:https://registry.npmjs.org/react cache-miss
369 http cache https://registry.npmjs.org/react 9ms (cache hit)
370 silly packumentCache full:https://registry.npmjs.org/react set size:6997055 disposed:false
371 silly fetch manifest react-dom@>=19 <19.3
372 silly packumentCache full:https://registry.npmjs.org/react-dom cache-miss
373 http cache https://registry.npmjs.org/react-dom 9ms (cache hit)
374 silly packumentCache full:https://registry.npmjs.org/react-dom set size:9424681 disposed:false
375 silly placeDep ROOT @types/webxr@0.5.24 OK for: @react-three/fiber@9.7.0 want: *
376 silly placeDep ROOT base64-js@1.5.1 OK for: @react-three/fiber@9.7.0 want: ^1.5.1
377 silly placeDep ROOT buffer@6.0.3 OK for: @react-three/fiber@9.7.0 want: ^6.0.3
378 silly placeDep ROOT its-fine@2.0.0 OK for: @react-three/fiber@9.7.0 want: ^2.0.0
379 silly placeDep ROOT react-use-measure@2.1.7 OK for: @react-three/fiber@9.7.0 want: ^2.1.7
380 silly fetch manifest ieee754@^1.2.1
381 silly packumentCache full:https://registry.npmjs.org/ieee754 cache-miss
382 silly fetch manifest @types/react-reconciler@^0.28.9
383 silly packumentCache full:https://registry.npmjs.org/@types%2freact-reconciler cache-miss
384 http fetch GET 200 https://registry.npmjs.org/ieee754 28ms (cache miss)
385 silly packumentCache full:https://registry.npmjs.org/ieee754 set size:undefined disposed:false
386 http fetch GET 200 https://registry.npmjs.org/@types%2freact-reconciler 267ms (cache miss)
387 silly packumentCache full:https://registry.npmjs.org/@types%2freact-reconciler set size:undefined disposed:false
388 silly placeDep ROOT @dimforge/rapier3d-compat@0.12.0 OK for: @types/three@0.186.0 want: ~0.12.0
389 silly placeDep ROOT @tweenjs/tween.js@23.1.3 OK for: @types/three@0.186.0 want: ~23.1.3
390 silly placeDep ROOT @types/stats.js@0.17.4 OK for: @types/three@0.186.0 want: *
391 silly placeDep ROOT fflate@0.8.3 OK for: @types/three@0.186.0 want: ~0.8.3
392 silly placeDep ROOT meshoptimizer@1.1.1 OK for: @types/three@0.186.0 want: ~1.1.1
393 silly placeDep ROOT @use-gesture/core@10.3.1 OK for: @use-gesture/react@10.3.1 want: 10.3.1
394 silly placeDep ROOT ieee754@1.2.1 OK for: buffer@6.0.3 want: ^1.2.1
395 silly placeDep ROOT webgl-constants@1.1.1 OK for: detect-gpu@5.0.70 want: ^1.1.1
396 silly placeDep ROOT motion-dom@13.3.0 OK for: framer-motion@13.4.0 want: ^13.3.0
397 silly placeDep ROOT motion-utils@13.3.0 OK for: framer-motion@13.4.0 want: ^13.3.0
398 silly fetch manifest @types/react@*
399 silly packumentCache full:https://registry.npmjs.org/@types%2freact cache-miss
400 http cache https://registry.npmjs.org/@types%2freact 4ms (cache hit)
401 silly packumentCache full:https://registry.npmjs.org/@types%2freact set size:2642161 disposed:false
402 silly placeDep ROOT @types/react-reconciler@0.28.9 OK for: its-fine@2.0.0 want: ^0.28.9
403 silly placeDep ROOT is-promise@2.2.2 OK for: promise-worker-transferable@1.0.4 want: ^2.1.0
404 silly placeDep ROOT lie@3.3.0 OK for: promise-worker-transferable@1.0.4 want: ^3.0.2
405 silly fetch manifest immediate@~3.0.5
406 silly packumentCache full:https://registry.npmjs.org/immediate cache-miss
407 http fetch GET 200 https://registry.npmjs.org/immediate 25ms (cache miss)
408 silly packumentCache full:https://registry.npmjs.org/immediate set size:undefined disposed:false
409 silly placeDep ROOT immediate@3.0.6 OK for: lie@3.3.0 want: ~3.0.5
410 silly placeDep node_modules/stats-gl three@0.170.0 OK for: stats-gl@2.4.2 want: ^0.170.0
411 silly placeDep ROOT @types/draco3d@1.4.10 OK for: three-stdlib@2.36.1 want: ^1.4.0
412 silly placeDep ROOT @types/offscreencanvas@2019.7.3 OK for: three-stdlib@2.36.1 want: ^2019.6.4
413 silly placeDep ROOT draco3d@1.5.7 OK for: three-stdlib@2.36.1 want: ^1.4.1
414 silly placeDep node_modules/three-stdlib fflate@0.6.11 OK for: three-stdlib@2.36.1 want: ^0.6.9
415 silly placeDep ROOT potpack@1.0.2 OK for: three-stdlib@2.36.1 want: ^1.0.1
416 silly fetch manifest three@>=0.125.0
417 silly packumentCache full:https://registry.npmjs.org/three cache-hit
418 silly placeDep ROOT bidi-js@1.1.0 OK for: troika-three-text@0.52.5 want: ^1.0.2
419 silly placeDep ROOT troika-three-utils@0.52.5 OK for: troika-three-text@0.52.5 want: ^0.52.5
420 silly placeDep ROOT troika-worker-utils@0.52.0 OK for: troika-three-text@0.52.5 want: ^0.52.0
421 silly placeDep ROOT webgl-sdf-generator@1.1.1 OK for: troika-three-text@0.52.5 want: 1.1.1
422 silly fetch manifest require-from-string@^2.0.2
423 silly packumentCache full:https://registry.npmjs.org/require-from-string cache-miss
424 http fetch GET 200 https://registry.npmjs.org/require-from-string 18ms (cache miss)
425 silly packumentCache full:https://registry.npmjs.org/require-from-string set size:undefined disposed:false
426 silly placeDep ROOT require-from-string@2.0.2 OK for: bidi-js@1.1.0 want: ^2.0.2
427 silly fetch manifest @types/react@>=16.8
428 silly packumentCache full:https://registry.npmjs.org/@types%2freact cache-miss
429 http cache https://registry.npmjs.org/@types%2freact 4ms (cache hit)
430 silly packumentCache full:https://registry.npmjs.org/@types%2freact set size:2642161 disposed:false
431 silly fetch manifest react@>=16.8
432 silly packumentCache full:https://registry.npmjs.org/react cache-miss
433 http cache https://registry.npmjs.org/react 7ms (cache hit)
434 silly packumentCache full:https://registry.npmjs.org/react set size:6997055 disposed:false
435 silly placeDep node_modules/tunnel-rat zustand@4.5.7 OK for: tunnel-rat@0.1.2 want: ^4.3.2
436 silly reify moves {}
437 silly audit bulk request {
437 silly audit   '@alloc/quick-lru': [ '5.3.0' ],
437 silly audit   '@babel/code-frame': [ '7.29.7' ],
437 silly audit   '@babel/compat-data': [ '7.29.7' ],
437 silly audit   '@babel/core': [ '7.29.7' ],
437 silly audit   '@babel/generator': [ '7.29.8' ],
437 silly audit   '@babel/helper-compilation-targets': [ '7.29.7' ],
437 silly audit   '@babel/helper-globals': [ '7.29.7' ],
437 silly audit   '@babel/helper-module-imports': [ '7.29.7' ],
437 silly audit   '@babel/helper-module-transforms': [ '7.29.7' ],
437 silly audit   '@babel/helper-string-parser': [ '7.29.7' ],
437 silly audit   '@babel/helper-validator-identifier': [ '7.29.7' ],
437 silly audit   '@babel/helper-validator-option': [ '7.29.7' ],
437 silly audit   '@babel/helpers': [ '7.29.7' ],
437 silly audit   '@babel/parser': [ '7.29.9' ],
437 silly audit   '@babel/template': [ '7.29.7' ],
437 silly audit   '@babel/traverse': [ '7.29.8' ],
437 silly audit   '@babel/types': [ '7.29.8' ],
437 silly audit   '@emnapi/core': [ '1.10.0' ],
437 silly audit   '@emnapi/runtime': [ '1.11.3', '1.10.0' ],
437 silly audit   '@emnapi/wasi-threads': [ '1.2.1' ],
437 silly audit   '@eslint-community/eslint-utils': [ '4.10.1', '4.9.1' ],
437 silly audit   'eslint-visitor-keys': [ '3.4.3', '5.0.1', '4.2.1' ],
437 silly audit   '@eslint-community/regexpp': [ '4.12.2' ],
437 silly audit   '@eslint/config-array': [ '0.21.2' ],
437 silly audit   '@eslint/config-helpers': [ '0.4.2' ],
437 silly audit   '@eslint/core': [ '0.17.0' ],
437 silly audit   '@eslint/eslintrc': [ '3.3.7' ],
437 silly audit   '@eslint/js': [ '9.39.5' ],
437 silly audit   '@eslint/object-schema': [ '2.1.7' ],
437 silly audit   '@eslint/plugin-kit': [ '0.4.1' ],
437 silly audit   '@humanfs/core': [ '0.19.2' ],
437 silly audit   '@humanfs/node': [ '0.16.8' ],
437 silly audit   '@humanfs/types': [ '0.15.0' ],
437 silly audit   '@humanwhocodes/module-importer': [ '1.0.1' ],
437 silly audit   '@humanwhocodes/retry': [ '0.4.3' ],
437 silly audit   '@img/colour': [ '1.1.0' ],
437 silly audit   '@img/sharp-darwin-arm64': [ '0.35.4' ],
437 silly audit   '@img/sharp-darwin-x64': [ '0.35.4' ],
437 silly audit   '@img/sharp-freebsd-wasm32': [ '0.35.4' ],
437 silly audit   '@img/sharp-libvips-darwin-arm64': [ '1.3.3' ],
437 silly audit   '@img/sharp-libvips-darwin-x64': [ '1.3.3' ],
437 silly audit   '@img/sharp-libvips-linux-arm': [ '1.3.3' ],
437 silly audit   '@img/sharp-libvips-linux-arm64': [ '1.3.3' ],
437 silly audit   '@img/sharp-libvips-linux-ppc64': [ '1.3.3' ],
437 silly audit   '@img/sharp-libvips-linux-riscv64': [ '1.3.3' ],
437 silly audit   '@img/sharp-libvips-linux-s390x': [ '1.3.3' ],
437 silly audit   '@img/sharp-libvips-linux-x64': [ '1.3.3' ],
437 silly audit   '@img/sharp-libvips-linuxmusl-arm64': [ '1.3.3' ],
437 silly audit   '@img/sharp-libvips-linuxmusl-x64': [ '1.3.3' ],
437 silly audit   '@img/sharp-linux-arm': [ '0.35.4' ],
437 silly audit   '@img/sharp-linux-arm64': [ '0.35.4' ],
437 silly audit   '@img/sharp-linux-ppc64': [ '0.35.4' ],
437 silly audit   '@img/sharp-linux-riscv64': [ '0.35.4' ],
437 silly audit   '@img/sharp-linux-s390x': [ '0.35.4' ],
437 silly audit   '@img/sharp-linux-x64': [ '0.35.4' ],
437 silly audit   '@img/sharp-linuxmusl-arm64': [ '0.35.4' ],
437 silly audit   '@img/sharp-linuxmusl-x64': [ '0.35.4' ],
437 silly audit   '@img/sharp-wasm32': [ '0.35.4' ],
437 silly audit   '@img/sharp-webcontainers-wasm32': [ '0.35.4' ],
437 silly audit   '@img/sharp-win32-arm64': [ '0.35.4' ],
437 silly audit   '@img/sharp-win32-ia32': [ '0.35.4' ],
437 silly audit   '@img/sharp-win32-x64': [ '0.35.4' ],
437 silly audit   '@jridgewell/gen-mapping': [ '0.3.13' ],
437 silly audit   '@jridgewell/remapping': [ '2.3.5' ],
437 silly audit   '@jridgewell/resolve-uri': [ '3.1.2' ],
437 silly audit   '@jridgewell/sourcemap-codec': [ '1.6.0' ],
437 silly audit   '@jridgewell/trace-mapping': [ '0.3.31' ],
437 silly audit   '@napi-rs/wasm-runtime': [ '1.2.4' ],
437 silly audit   '@next/env': [ '16.3.5' ],
437 silly audit   '@next/eslint-plugin-next': [ '16.3.5' ],
437 silly audit   '@next/swc-darwin-arm64': [ '16.3.5' ],
437 silly audit   '@next/swc-darwin-x64': [ '16.3.5' ],
437 silly audit   '@next/swc-linux-arm64-gnu': [ '16.3.5' ],
437 silly audit   '@next/swc-linux-arm64-musl': [ '16.3.5' ],
437 silly audit   '@next/swc-linux-x64-gnu': [ '16.3.5' ],
437 silly audit   '@next/swc-linux-x64-musl': [ '16.3.5' ],
437 silly audit   '@next/swc-win32-arm64-msvc': [ '16.3.5' ],
437 silly audit   '@next/swc-win32-x64-msvc': [ '16.3.5' ],
437 silly audit   '@nodelib/fs.scandir': [ '2.1.5' ],
437 silly audit   '@nodelib/fs.stat': [ '2.0.5' ],
437 silly audit   '@nodelib/fs.walk': [ '1.2.8' ],
437 silly audit   '@nolyfill/is-core-module': [ '1.0.39' ],
437 silly audit   '@rtsao/scc': [ '1.1.0' ],
437 silly audit   '@swc/helpers': [ '0.5.23' ],
437 silly audit   '@tailwindcss/node': [ '4.3.3' ],
437 silly audit   '@tailwindcss/oxide': [ '4.3.3' ],
437 silly audit   '@tailwindcss/oxide-android-arm64': [ '4.3.3' ],
437 silly audit   '@tailwindcss/oxide-darwin-arm64': [ '4.3.3' ],
437 silly audit   '@tailwindcss/oxide-darwin-x64': [ '4.3.3' ],
437 silly audit   '@tailwindcss/oxide-freebsd-x64': [ '4.3.3' ],
437 silly audit   '@tailwindcss/oxide-linux-arm-gnueabihf': [ '4.3.3' ],
437 silly audit   '@tailwindcss/oxide-linux-arm64-gnu': [ '4.3.3' ],
437 silly audit   '@tailwindcss/oxide-linux-arm64-musl': [ '4.3.3' ],
437 silly audit   '@tailwindcss/oxide-linux-x64-gnu': [ '4.3.3' ],
437 silly audit   '@tailwindcss/oxide-linux-x64-musl': [ '4.3.3' ],
437 silly audit   '@tailwindcss/oxide-wasm32-wasi': [ '4.3.3' ],
437 silly audit   '@tailwindcss/oxide-win32-arm64-msvc': [ '4.3.3' ],
437 silly audit   '@tailwindcss/oxide-win32-x64-msvc': [ '4.3.3' ],
437 silly audit   '@tailwindcss/postcss': [ '4.3.3' ],
437 silly audit   '@tybys/wasm-util': [ '0.10.4' ],
437 silly audit   '@types/estree': [ '1.0.9' ],
437 silly audit   '@types/json-schema': [ '7.0.15' ],
437 silly audit   '@types/json5': [ '0.0.29' ],
437 silly audit   '@types/node': [ '20.19.43' ],
437 silly audit   '@types/react': [ '19.3.0' ],
437 silly audit   '@types/react-dom': [ '19.3.0' ],
437 silly audit   '@typescript-eslint/eslint-plugin': [ '8.70.0' ],
437 silly audit   ignore: [ '7.0.9', '5.3.2' ],
437 silly audit   '@typescript-eslint/parser': [ '8.70.0' ],
437 silly audit   '@typescript-eslint/project-service': [ '8.70.0' ],
437 silly audit   '@typescript-eslint/scope-manager': [ '8.70.0' ],
437 silly audit   '@typescript-eslint/tsconfig-utils': [ '8.70.0' ],
437 silly audit   '@typescript-eslint/type-utils': [ '8.70.0' ],
437 silly audit   '@typescript-eslint/types': [ '8.70.0' ],
437 silly audit   '@typescript-eslint/typescript-estree': [ '8.70.0' ],
437 silly audit   'balanced-match': [ '4.0.4', '1.0.2' ],
437 silly audit   'brace-expansion': [ '5.0.12', '1.1.21' ],
437 silly audit   minimatch: [ '10.2.6', '3.1.5' ],
437 silly audit   semver: [ '7.8.5', '6.3.1' ],
437 silly audit   '@typescript-eslint/utils': [ '8.70.0' ],
437 silly audit   '@typescript-eslint/visitor-keys': [ '8.70.0' ],
437 silly audit   '@unrs/resolver-binding-android-arm-eabi': [ '1.12.2' ],
437 silly audit   '@unrs/resolver-binding-android-arm64': [ '1.12.2' ],
437 silly audit   '@unrs/resolver-binding-darwin-arm64': [ '1.12.2' ],
437 silly audit   '@unrs/resolver-binding-darwin-x64': [ '1.12.2' ],
437 silly audit   '@unrs/resolver-binding-freebsd-x64': [ '1.12.2' ],
437 silly audit   '@unrs/resolver-binding-linux-arm-gnueabihf': [ '1.12.2' ],
437 silly audit   '@unrs/resolver-binding-linux-arm-musleabihf': [ '1.12.2' ],
437 silly audit   '@unrs/resolver-binding-linux-arm64-gnu': [ '1.12.2' ],
437 silly audit   '@unrs/resolver-binding-linux-arm64-musl': [ '1.12.2' ],
437 silly audit   '@unrs/resolver-binding-linux-loong64-gnu': [ '1.12.2' ],
437 silly audit   '@unrs/resolver-binding-linux-loong64-musl': [ '1.12.2' ],
437 silly audit   '@unrs/resolver-binding-linux-ppc64-gnu': [ '1.12.2' ],
437 silly audit   '@unrs/resolver-binding-linux-riscv64-gnu': [ '1.12.2' ],
437 silly audit   '@unrs/resolver-binding-linux-riscv64-musl': [ '1.12.2' ],
437 silly audit   '@unrs/resolver-binding-linux-s390x-gnu': [ '1.12.2' ],
437 silly audit   '@unrs/resolver-binding-linux-x64-gnu': [ '1.12.2' ],
437 silly audit   '@unrs/resolver-binding-linux-x64-musl': [ '1.12.2' ],
437 silly audit   '@unrs/resolver-binding-openharmony-arm64': [ '1.12.2' ],
437 silly audit   '@unrs/resolver-binding-wasm32-wasi': [ '1.12.2' ],
437 silly audit   '@unrs/resolver-binding-win32-arm64-msvc': [ '1.12.2' ],
437 silly audit   '@unrs/resolver-binding-win32-ia32-msvc': [ '1.12.2' ],
437 silly audit   '@unrs/resolver-binding-win32-x64-msvc': [ '1.12.2' ],
437 silly audit   acorn: [ '8.18.0' ],
437 silly audit   'acorn-jsx': [ '5.3.2' ],
437 silly audit   ajv: [ '6.15.0' ],
437 silly audit   'ansi-styles': [ '4.3.0' ],
437 silly audit   argparse: [ '2.0.1' ],
437 silly audit   'aria-query': [ '5.3.2' ],
437 silly audit   'array-buffer-byte-length': [ '1.0.2' ],
437 silly audit   'array-includes': [ '3.2.0' ],
437 silly audit   'array.prototype.findlast': [ '1.2.5' ],
437 silly audit   'array.prototype.findlastindex': [ '1.2.6' ],
437 silly audit   'array.prototype.flat': [ '1.3.3' ],
437 silly audit   'array.prototype.flatmap': [ '1.3.3' ],
437 silly audit   'array.prototype.tosorted': [ '1.1.4' ],
437 silly audit   'arraybuffer.prototype.slice': [ '1.0.4' ],
437 silly audit   'ast-types-flow': [ '0.0.8' ],
437 silly audit   'async-function': [ '1.0.0' ],
437 silly audit   'available-typed-arrays': [ '1.0.7' ],
437 silly audit   'axe-core': [ '4.13.0' ],
437 silly audit   'axobject-query': [ '4.1.0' ],
437 silly audit   'baseline-browser-mapping': [ '2.11.25' ],
437 silly audit   braces: [ '3.0.3' ],
437 silly audit   browserslist: [ '4.29.0' ],
437 silly audit   'call-bind': [ '1.0.9' ],
437 silly audit   'call-bind-apply-helpers': [ '1.0.2' ],
437 silly audit   'call-bound': [ '1.0.4' ],
437 silly audit   callsites: [ '3.1.0' ],
437 silly audit   'caniuse-lite': [ '1.0.30001810' ],
437 silly audit   chalk: [ '4.1.2' ],
437 silly audit   'client-only': [ '0.0.1' ],
437 silly audit   'color-convert': [ '2.0.1' ],
437 silly audit   'color-name': [ '1.1.4' ],
437 silly audit   'concat-map': [ '0.0.1' ],
437 silly audit   'convert-source-map': [ '2.0.0' ],
437 silly audit   'cross-spawn': [ '7.0.6' ],
437 silly audit   csstype: [ '3.2.3' ],
437 silly audit   'damerau-levenshtein': [ '1.0.8' ],
437 silly audit   'data-view-buffer': [ '1.0.2' ],
437 silly audit   'data-view-byte-length': [ '1.0.2' ],
437 silly audit   'data-view-byte-offset': [ '1.0.1' ],
437 silly audit   debug: [ '4.4.3', '3.2.7' ],
437 silly audit   'deep-is': [ '0.1.4' ],
437 silly audit   'define-data-property': [ '1.1.4' ],
437 silly audit   'define-properties': [ '1.2.1' ],
437 silly audit   'detect-libc': [ '2.1.2' ],
437 silly audit   doctrine: [ '2.1.0' ],
437 silly audit   'dunder-proto': [ '1.0.1' ],
437 silly audit   'electron-to-chromium': [ '1.5.433' ],
437 silly audit   'emoji-regex': [ '9.2.2' ],
437 silly audit   'enhanced-resolve': [ '5.25.1' ],
437 silly audit   'es-abstract': [ '1.24.2' ],
437 silly audit   'es-abstract-get': [ '1.0.0' ],
437 silly audit   'es-define-property': [ '1.0.1' ],
437 silly audit   'es-errors': [ '1.3.0' ],
437 silly audit   'es-iterator-helpers': [ '1.4.0' ],
437 silly audit   'es-object-atoms': [ '1.1.2' ],
437 silly audit   'es-set-tostringtag': [ '2.1.0' ],
437 silly audit   'es-shim-unscopables': [ '1.1.0' ],
437 silly audit   'es-to-primitive': [ '1.3.4' ],
437 silly audit   escalade: [ '3.2.0' ],
437 silly audit   'escape-string-regexp': [ '4.0.0' ],
437 silly audit   eslint: [ '9.39.5' ],
437 silly audit   'eslint-config-next': [ '16.3.5' ],
437 silly audit   globals: [ '16.4.0', '14.0.0' ],
437 silly audit   'eslint-import-resolver-node': [ '0.3.10' ],
437 silly audit   'eslint-import-resolver-typescript': [ '3.10.1' ],
437 silly audit   'eslint-module-utils': [ '2.14.0' ],
437 silly audit   'eslint-plugin-import': [ '2.32.0' ],
437 silly audit   'eslint-plugin-jsx-a11y': [ '6.10.2' ],
437 silly audit   'eslint-plugin-react': [ '7.37.5' ],
437 silly audit   'eslint-plugin-react-hooks': [ '7.1.1' ],
437 silly audit   'eslint-scope': [ '8.4.0' ],
437 silly audit   espree: [ '10.4.0' ],
437 silly audit   esquery: [ '1.7.0' ],
437 silly audit   esrecurse: [ '4.3.0' ],
437 silly audit   estraverse: [ '5.3.0' ],
437 silly audit   esutils: [ '2.0.3' ],
437 silly audit   'fast-deep-equal': [ '3.1.3' ],
437 silly audit   'fast-glob': [ '3.3.1' ],
437 silly audit   'glob-parent': [ '5.1.2', '6.0.2' ],
437 silly audit   'fast-json-stable-stringify': [ '2.1.0' ],
437 silly audit   'fast-levenshtein': [ '2.0.6' ],
437 silly audit   fastq: [ '1.20.3' ],
437 silly audit   'file-entry-cache': [ '8.0.0' ],
437 silly audit   'fill-range': [ '7.1.1' ],
437 silly audit   'find-up': [ '5.0.0' ],
437 silly audit   'flat-cache': [ '4.0.1' ],
437 silly audit   flatted: [ '3.4.4' ],
437 silly audit   'for-each': [ '0.3.5' ],
437 silly audit   'function-bind': [ '1.1.2' ],
437 silly audit   'function.prototype.name': [ '1.2.0' ],
437 silly audit   'functions-have-names': [ '1.2.3' ],
437 silly audit   'generator-function': [ '2.0.1' ],
437 silly audit   gensync: [ '1.0.0-beta.2' ],
437 silly audit   'get-intrinsic': [ '1.3.0' ],
437 silly audit   'get-proto': [ '1.0.1' ],
437 silly audit   'get-symbol-description': [ '1.1.0' ],
437 silly audit   'get-tsconfig': [ '4.14.3' ],
437 silly audit   globalthis: [ '1.0.4' ],
437 silly audit   gopd: [ '1.2.0' ],
437 silly audit   'graceful-fs': [ '4.2.11' ],
437 silly audit   'has-bigints': [ '1.1.0' ],
437 silly audit   'has-flag': [ '4.0.0' ],
437 silly audit   'has-property-descriptors': [ '1.0.2' ],
437 silly audit   'has-proto': [ '1.2.0' ],
437 silly audit   'has-symbols': [ '1.1.0' ],
437 silly audit   'has-tostringtag': [ '1.0.2' ],
437 silly audit   hasown: [ '2.0.4' ],
437 silly audit   'hermes-estree': [ '0.25.1' ],
437 silly audit   'hermes-parser': [ '0.25.1' ],
437 silly audit   'import-fresh': [ '3.3.1' ],
437 silly audit   imurmurhash: [ '0.1.4' ],
437 silly audit   'internal-slot': [ '1.1.0' ],
437 silly audit   'is-array-buffer': [ '3.0.5' ],
437 silly audit   'is-async-function': [ '2.1.1' ],
437 silly audit   'is-bigint': [ '1.1.0' ],
437 silly audit   'is-boolean-object': [ '1.2.2' ],
437 silly audit   'is-bun-module': [ '2.0.0' ],
437 silly audit   'is-callable': [ '1.2.7' ],
437 silly audit   'is-core-module': [ '2.17.0' ],
437 silly audit   'is-data-view': [ '1.0.2' ],
437 silly audit   'is-date-object': [ '1.1.0' ],
437 silly audit   'is-document.all': [ '1.0.0' ],
437 silly audit   'is-extglob': [ '2.1.1' ],
437 silly audit   'is-finalizationregistry': [ '1.1.1' ],
437 silly audit   'is-generator-function': [ '1.1.2' ],
437 silly audit   'is-glob': [ '4.0.3' ],
437 silly audit   'is-map': [ '2.0.3' ],
437 silly audit   'is-negative-zero': [ '2.0.3' ],
437 silly audit   'is-number': [ '7.0.0' ],
437 silly audit   'is-number-object': [ '1.1.1' ],
437 silly audit   'is-regex': [ '1.2.1' ],
437 silly audit   'is-set': [ '2.0.3' ],
437 silly audit   'is-shared-array-buffer': [ '1.0.4' ],
437 silly audit   'is-string': [ '1.1.1' ],
437 silly audit   'is-symbol': [ '1.1.1' ],
437 silly audit   'is-typed-array': [ '1.1.15' ],
437 silly audit   'is-weakmap': [ '2.0.2' ],
437 silly audit   'is-weakref': [ '1.1.1' ],
437 silly audit   'is-weakset': [ '2.0.4' ],
437 silly audit   isarray: [ '2.0.5' ],
437 silly audit   isexe: [ '2.0.0' ],
437 silly audit   'iterator.prototype': [ '1.1.5' ],
437 silly audit   jiti: [ '2.7.0' ],
437 silly audit   'js-tokens': [ '4.0.0' ],
437 silly audit   'js-yaml': [ '4.3.2' ],
437 silly audit   jsesc: [ '3.1.0' ],
437 silly audit   'json-buffer': [ '3.0.1' ],
437 silly audit   'json-schema-traverse': [ '0.4.1' ],
437 silly audit   'json-stable-stringify-without-jsonify': [ '1.0.1' ],
437 silly audit   json5: [ '2.2.3', '1.0.2' ],
437 silly audit   'jsx-ast-utils': [ '3.3.5' ],
437 silly audit   keyv: [ '4.5.4' ],
437 silly audit   'language-subtag-registry': [ '0.3.23' ],
437 silly audit   'language-tags': [ '1.0.9' ],
437 silly audit   levn: [ '0.4.1' ],
437 silly audit   lightningcss: [ '1.32.0' ],
437 silly audit   'lightningcss-android-arm64': [ '1.32.0' ],
437 silly audit   'lightningcss-darwin-arm64': [ '1.32.0' ],
437 silly audit   'lightningcss-darwin-x64': [ '1.32.0' ],
437 silly audit   'lightningcss-freebsd-x64': [ '1.32.0' ],
437 silly audit   'lightningcss-linux-arm-gnueabihf': [ '1.32.0' ],
437 silly audit   'lightningcss-linux-arm64-gnu': [ '1.32.0' ],
437 silly audit   'lightningcss-linux-arm64-musl': [ '1.32.0' ],
437 silly audit   'lightningcss-linux-x64-gnu': [ '1.32.0' ],
437 silly audit   'lightningcss-linux-x64-musl': [ '1.32.0' ],
437 silly audit   'lightningcss-win32-arm64-msvc': [ '1.32.0' ],
437 silly audit   'lightningcss-win32-x64-msvc': [ '1.32.0' ],
437 silly audit   'locate-path': [ '6.0.0' ],
437 silly audit   'lodash.merge': [ '4.6.2' ],
437 silly audit   'loose-envify': [ '1.4.0' ],
437 silly audit   'lru-cache': [ '5.1.1' ],
437 silly audit   'magic-string': [ '0.30.21' ],
437 silly audit   'math-intrinsics': [ '1.1.0' ],
437 silly audit   merge2: [ '1.4.1' ],
437 silly audit   micromatch: [ '4.0.8' ],
437 silly audit   minimist: [ '1.2.8' ],
437 silly audit   ms: [ '2.1.3' ],
437 silly audit   nanoid: [ '3.3.19' ],
437 silly audit   'napi-postinstall': [ '0.3.4' ],
437 silly audit   'natural-compare': [ '1.4.0' ],
437 silly audit   next: [ '16.3.5' ],
437 silly audit   postcss: [ '8.5.23', '8.5.28' ],
437 silly audit   'node-exports-info': [ '1.6.2' ],
437 silly audit   'node-releases': [ '2.0.56' ],
437 silly audit   'object-assign': [ '4.1.1' ],
437 silly audit   'object-inspect': [ '1.13.4' ],
437 silly audit   'object-keys': [ '1.1.1' ],
437 silly audit   'object.assign': [ '4.1.7' ],
437 silly audit   'object.entries': [ '1.1.9' ],
437 silly audit   'object.fromentries': [ '2.0.8' ],
437 silly audit   'object.groupby': [ '1.0.3' ],
437 silly audit   'object.values': [ '1.2.1' ],
437 silly audit   optionator: [ '0.9.4' ],
437 silly audit   'own-keys': [ '1.0.2' ],
437 silly audit   'p-limit': [ '3.1.0' ],
437 silly audit   'p-locate': [ '5.0.0' ],
437 silly audit   'parent-module': [ '1.0.1' ],
437 silly audit   'path-exists': [ '4.0.0' ],
437 silly audit   'path-key': [ '3.1.1' ],
437 silly audit   'path-parse': [ '1.0.7' ],
437 silly audit   picocolors: [ '1.1.1' ],
437 silly audit   picomatch: [ '2.3.2', '4.0.7' ],
437 silly audit   'possible-typed-array-names': [ '1.1.0' ],
437 silly audit   'prelude-ls': [ '1.2.1' ],
437 silly audit   'prop-types': [ '15.8.1' ],
437 silly audit   punycode: [ '2.3.1' ],
437 silly audit   'queue-microtask': [ '1.2.3' ],
437 silly audit   react: [ '19.2.8' ],
437 silly audit   'react-dom': [ '19.2.8' ],
437 silly audit   'react-is': [ '16.13.1' ],
437 silly audit   'reflect.getprototypeof': [ '1.0.10' ],
437 silly audit   'regexp.prototype.flags': [ '1.5.4' ],
437 silly audit   resolve: [ '2.0.0-next.7' ],
437 silly audit   'resolve-from': [ '4.0.0' ],
437 silly audit   'resolve-pkg-maps': [ '1.0.0' ],
437 silly audit   reusify: [ '1.1.0' ],
437 silly audit   'run-parallel': [ '1.2.0' ],
437 silly audit   'safe-array-concat': [ '1.1.4' ],
437 silly audit   'safe-push-apply': [ '1.0.0' ],
437 silly audit   'safe-regex-test': [ '1.1.0' ],
437 silly audit   scheduler: [ '0.27.0' ],
437 silly audit   'set-function-length': [ '1.2.2' ],
437 silly audit   'set-function-name': [ '2.0.2' ],
437 silly audit   'set-proto': [ '1.0.0' ],
437 silly audit   sharp: [ '0.35.4' ],
437 silly audit   'shebang-command': [ '2.0.0' ],
437 silly audit   'shebang-regex': [ '3.0.0' ],
437 silly audit   'side-channel': [ '1.1.1' ],
437 silly audit   'side-channel-list': [ '1.0.1' ],
437 silly audit   'side-channel-map': [ '1.0.1' ],
437 silly audit   'side-channel-weakmap': [ '1.0.2' ],
437 silly audit   'source-map-js': [ '1.2.1' ],
437 silly audit   'stable-hash': [ '0.0.5' ],
437 silly audit   'stop-iteration-iterator': [ '1.1.0' ],
437 silly audit   'string.prototype.includes': [ '2.0.1' ],
437 silly audit   'string.prototype.matchall': [ '4.1.0' ],
437 silly audit   'string.prototype.repeat': [ '1.0.0' ],
437 silly audit   'string.prototype.trim': [ '1.2.11' ],
437 silly audit   'string.prototype.trimend': [ '1.0.10' ],
437 silly audit   'string.prototype.trimstart': [ '1.0.8' ],
437 silly audit   'strip-bom': [ '3.0.0' ],
437 silly audit   'strip-json-comments': [ '3.1.1' ],
437 silly audit   'styled-jsx': [ '5.1.6' ],
437 silly audit   'supports-color': [ '7.2.0' ],
437 silly audit   'supports-preserve-symlinks-flag': [ '1.0.0' ],
437 silly audit   tailwindcss: [ '4.3.3' ],
437 silly audit   tapable: [ '2.3.3' ],
437 silly audit   tinyglobby: [ '0.2.17' ],
437 silly audit   fdir: [ '6.5.0' ],
437 silly audit   'to-regex-range': [ '5.0.1' ],
437 silly audit   'ts-api-utils': [ '2.5.0' ],
437 silly audit   'tsconfig-paths': [ '3.15.0' ],
437 silly audit   tslib: [ '2.8.1' ],
437 silly audit   'type-check': [ '0.4.0' ],
437 silly audit   'typed-array-buffer': [ '1.0.3' ],
437 silly audit   'typed-array-byte-length': [ '1.0.3' ],
437 silly audit   'typed-array-byte-offset': [ '1.0.5' ],
437 silly audit   'typed-array-length': [ '1.0.8' ],
437 silly audit   typescript: [ '5.9.3' ],
437 silly audit   'typescript-eslint': [ '8.70.0' ],
437 silly audit   'unbox-primitive': [ '1.1.0' ],
437 silly audit   'undici-types': [ '6.21.0' ],
437 silly audit   'unrs-resolver': [ '1.12.2' ],
437 silly audit   'update-browserslist-db': [ '1.3.3' ],
437 silly audit   'uri-js': [ '4.4.1' ],
437 silly audit   which: [ '2.0.2' ],
437 silly audit   'which-boxed-primitive': [ '1.1.1' ],
437 silly audit   'which-builtin-type': [ '1.2.1' ],
437 silly audit   'which-collection': [ '1.0.2' ],
437 silly audit   'which-typed-array': [ '1.1.24' ],
437 silly audit   'word-wrap': [ '1.2.5' ],
437 silly audit   yallist: [ '3.1.1' ],
437 silly audit   'yocto-queue': [ '0.1.0' ],
437 silly audit   zod: [ '4.6.5' ],
437 silly audit   'zod-validation-error': [ '4.0.2' ],
437 silly audit   '@react-three/drei': [ '10.7.8' ],
437 silly audit   '@react-three/fiber': [ '9.7.0' ],
437 silly audit   '@types/three': [ '0.186.0' ],
437 silly audit   'framer-motion': [ '13.4.0' ],
437 silly audit   three: [ '0.186.0', '0.170.0' ],
437 silly audit   '@babel/runtime': [ '7.29.7' ],
437 silly audit   '@mediapipe/tasks-vision': [ '0.10.17' ],
437 silly audit   '@monogrid/gainmap-js': [ '3.4.0' ],
437 silly audit   '@use-gesture/react': [ '10.3.1' ],
437 silly audit   'camera-controls': [ '3.1.2' ],
437 silly audit   'cross-env': [ '7.0.3' ],
437 silly audit   'detect-gpu': [ '5.0.70' ],
437 silly audit   'glsl-noise': [ '0.0.0' ],
437 silly audit   'hls.js': [ '1.7.3' ],
437 silly audit   maath: [ '0.10.8' ],
437 silly audit   meshline: [ '3.3.1' ],
437 silly audit   'stats-gl': [ '2.4.2' ],
437 silly audit   'stats.js': [ '0.17.0' ],
437 silly audit   'suspend-react': [ '0.1.3' ],
437 silly audit   'three-mesh-bvh': [ '0.8.3' ],
437 silly audit   'three-stdlib': [ '2.36.1' ],
437 silly audit   'troika-three-text': [ '0.52.5' ],
437 silly audit   'tunnel-rat': [ '0.1.2' ],
437 silly audit   'use-sync-external-store': [ '1.7.0' ],
437 silly audit   'utility-types': [ '3.11.0' ],
437 silly audit   zustand: [ '5.0.15', '4.5.7' ],
437 silly audit   'promise-worker-transferable': [ '1.0.4' ],
437 silly audit   '@types/webxr': [ '0.5.24' ],
437 silly audit   'base64-js': [ '1.5.1' ],
437 silly audit   buffer: [ '6.0.3' ],
437 silly audit   'its-fine': [ '2.0.0' ],
437 silly audit   'react-use-measure': [ '2.1.7' ],
437 silly audit   '@dimforge/rapier3d-compat': [ '0.12.0' ],
437 silly audit   '@tweenjs/tween.js': [ '23.1.3' ],
437 silly audit   '@types/stats.js': [ '0.17.4' ],
437 silly audit   fflate: [ '0.8.3', '0.6.11' ],
437 silly audit   meshoptimizer: [ '1.1.1' ],
437 silly audit   '@use-gesture/core': [ '10.3.1' ],
437 silly audit   ieee754: [ '1.2.1' ],
437 silly audit   'webgl-constants': [ '1.1.1' ],
437 silly audit   'motion-dom': [ '13.3.0' ],
437 silly audit   'motion-utils': [ '13.3.0' ],
437 silly audit   '@types/react-reconciler': [ '0.28.9' ],
437 silly audit   'is-promise': [ '2.2.2' ],
437 silly audit   lie: [ '3.3.0' ],
437 silly audit   immediate: [ '3.0.6' ],
437 silly audit   '@types/draco3d': [ '1.4.10' ],
437 silly audit   '@types/offscreencanvas': [ '2019.7.3' ],
437 silly audit   draco3d: [ '1.5.7' ],
437 silly audit   potpack: [ '1.0.2' ],
437 silly audit   'bidi-js': [ '1.1.0' ],
437 silly audit   'troika-three-utils': [ '0.52.5' ],
437 silly audit   'troika-worker-utils': [ '0.52.0' ],
437 silly audit   'webgl-sdf-generator': [ '1.1.1' ],
437 silly audit   'require-from-string': [ '2.0.2' ]
437 silly audit }
438 http cache webgl-sdf-generator@https://registry.npmjs.org/webgl-sdf-generator/-/webgl-sdf-generator-1.1.1.tgz 0ms (cache hit)
439 http cache require-from-string@https://registry.npmjs.org/require-from-string/-/require-from-string-2.0.2.tgz 0ms (cache hit)
440 http cache troika-worker-utils@https://registry.npmjs.org/troika-worker-utils/-/troika-worker-utils-0.52.0.tgz 0ms (cache hit)
441 http cache bidi-js@https://registry.npmjs.org/bidi-js/-/bidi-js-1.1.0.tgz 0ms (cache hit)
442 http cache draco3d@https://registry.npmjs.org/draco3d/-/draco3d-1.5.7.tgz 0ms (cache hit)
443 http cache @types/offscreencanvas@https://registry.npmjs.org/@types/offscreencanvas/-/offscreencanvas-2019.7.3.tgz 0ms (cache hit)
444 http cache lie@https://registry.npmjs.org/lie/-/lie-3.3.0.tgz 0ms (cache hit)
445 http cache immediate@https://registry.npmjs.org/immediate/-/immediate-3.0.6.tgz 0ms (cache hit)
446 http cache troika-three-utils@https://registry.npmjs.org/troika-three-utils/-/troika-three-utils-0.52.5.tgz 0ms (cache hit)
447 http cache @types/draco3d@https://registry.npmjs.org/@types/draco3d/-/draco3d-1.4.10.tgz 0ms (cache hit)
448 http cache potpack@https://registry.npmjs.org/potpack/-/potpack-1.0.2.tgz 0ms (cache hit)
449 http cache is-promise@https://registry.npmjs.org/is-promise/-/is-promise-2.2.2.tgz 0ms (cache hit)
450 http cache webgl-constants@https://registry.npmjs.org/webgl-constants/-/webgl-constants-1.1.1.tgz 0ms (cache hit)
451 http cache @types/react-reconciler@https://registry.npmjs.org/@types/react-reconciler/-/react-reconciler-0.28.9.tgz 0ms (cache hit)
452 http cache ieee754@https://registry.npmjs.org/ieee754/-/ieee754-1.2.1.tgz 0ms (cache hit)
453 http cache motion-dom@https://registry.npmjs.org/motion-dom/-/motion-dom-13.3.0.tgz 0ms (cache hit)
454 http cache meshoptimizer@https://registry.npmjs.org/meshoptimizer/-/meshoptimizer-1.1.1.tgz 0ms (cache hit)
455 http cache @dimforge/rapier3d-compat@https://registry.npmjs.org/@dimforge/rapier3d-compat/-/rapier3d-compat-0.12.0.tgz 0ms (cache hit)
456 http cache motion-utils@https://registry.npmjs.org/motion-utils/-/motion-utils-13.3.0.tgz 0ms (cache hit)
457 http cache @use-gesture/core@https://registry.npmjs.org/@use-gesture/core/-/core-10.3.1.tgz 0ms (cache hit)
458 http cache @types/stats.js@https://registry.npmjs.org/@types/stats.js/-/stats.js-0.17.4.tgz 0ms (cache hit)
459 http cache react-use-measure@https://registry.npmjs.org/react-use-measure/-/react-use-measure-2.1.7.tgz 0ms (cache hit)
460 http cache buffer@https://registry.npmjs.org/buffer/-/buffer-6.0.3.tgz 0ms (cache hit)
461 http cache its-fine@https://registry.npmjs.org/its-fine/-/its-fine-2.0.0.tgz 0ms (cache hit)
462 http cache @tweenjs/tween.js@https://registry.npmjs.org/@tweenjs/tween.js/-/tween.js-23.1.3.tgz 0ms (cache hit)
463 http cache base64-js@https://registry.npmjs.org/base64-js/-/base64-js-1.5.1.tgz 0ms (cache hit)
464 http cache @types/webxr@https://registry.npmjs.org/@types/webxr/-/webxr-0.5.24.tgz 0ms (cache hit)
465 http cache zustand@https://registry.npmjs.org/zustand/-/zustand-5.0.15.tgz 0ms (cache hit)
466 http cache promise-worker-transferable@https://registry.npmjs.org/promise-worker-transferable/-/promise-worker-transferable-1.0.4.tgz 0ms (cache hit)
467 http cache fflate@https://registry.npmjs.org/fflate/-/fflate-0.8.3.tgz 0ms (cache hit)
468 http cache troika-three-text@https://registry.npmjs.org/troika-three-text/-/troika-three-text-0.52.5.tgz 0ms (cache hit)
469 http cache utility-types@https://registry.npmjs.org/utility-types/-/utility-types-3.11.0.tgz 0ms (cache hit)
470 http cache three-stdlib@https://registry.npmjs.org/three-stdlib/-/three-stdlib-2.36.1.tgz 0ms (cache hit)
471 http cache tunnel-rat@https://registry.npmjs.org/tunnel-rat/-/tunnel-rat-0.1.2.tgz 0ms (cache hit)
472 http cache three-mesh-bvh@https://registry.npmjs.org/three-mesh-bvh/-/three-mesh-bvh-0.8.3.tgz 0ms (cache hit)
473 http cache hls.js@https://registry.npmjs.org/hls.js/-/hls.js-1.7.3.tgz 0ms (cache hit)
474 http cache maath@https://registry.npmjs.org/maath/-/maath-0.10.8.tgz 0ms (cache hit)
475 http cache suspend-react@https://registry.npmjs.org/suspend-react/-/suspend-react-0.1.3.tgz 0ms (cache hit)
476 http cache stats.js@https://registry.npmjs.org/stats.js/-/stats.js-0.17.0.tgz 0ms (cache hit)
477 http cache use-sync-external-store@https://registry.npmjs.org/use-sync-external-store/-/use-sync-external-store-1.7.0.tgz 0ms (cache hit)
478 http cache meshline@https://registry.npmjs.org/meshline/-/meshline-3.3.1.tgz 0ms (cache hit)
479 http cache glsl-noise@https://registry.npmjs.org/glsl-noise/-/glsl-noise-0.0.0.tgz 0ms (cache hit)
480 http cache stats-gl@https://registry.npmjs.org/stats-gl/-/stats-gl-2.4.2.tgz 0ms (cache hit)
481 http cache detect-gpu@https://registry.npmjs.org/detect-gpu/-/detect-gpu-5.0.70.tgz 0ms (cache hit)
482 http cache camera-controls@https://registry.npmjs.org/camera-controls/-/camera-controls-3.1.2.tgz 0ms (cache hit)
483 http cache @use-gesture/react@https://registry.npmjs.org/@use-gesture/react/-/react-10.3.1.tgz 0ms (cache hit)
484 http cache three@https://registry.npmjs.org/three/-/three-0.186.0.tgz 0ms (cache hit)
485 http cache @babel/runtime@https://registry.npmjs.org/@babel/runtime/-/runtime-7.29.7.tgz 0ms (cache hit)
486 http cache @monogrid/gainmap-js@https://registry.npmjs.org/@monogrid/gainmap-js/-/gainmap-js-3.4.0.tgz 0ms (cache hit)
487 http cache cross-env@https://registry.npmjs.org/cross-env/-/cross-env-7.0.3.tgz 0ms (cache hit)
488 http cache @types/three@https://registry.npmjs.org/@types/three/-/three-0.186.0.tgz 0ms (cache hit)
489 http cache @react-three/fiber@https://registry.npmjs.org/@react-three/fiber/-/fiber-9.7.0.tgz 0ms (cache hit)
490 http cache @mediapipe/tasks-vision@https://registry.npmjs.org/@mediapipe/tasks-vision/-/tasks-vision-0.10.17.tgz 0ms (cache hit)
491 http cache @react-three/drei@https://registry.npmjs.org/@react-three/drei/-/drei-10.7.8.tgz 0ms (cache hit)
492 http cache framer-motion@https://registry.npmjs.org/framer-motion/-/framer-motion-13.4.0.tgz 0ms (cache hit)
493 silly tarball no local data for webgl-sdf-generator@https://registry.npmjs.org/webgl-sdf-generator/-/webgl-sdf-generator-1.1.1.tgz. Extracting by manifest.
494 silly tarball no local data for require-from-string@https://registry.npmjs.org/require-from-string/-/require-from-string-2.0.2.tgz. Extracting by manifest.
495 silly tarball no local data for troika-worker-utils@https://registry.npmjs.org/troika-worker-utils/-/troika-worker-utils-0.52.0.tgz. Extracting by manifest.
496 http cache zustand@https://registry.npmjs.org/zustand/-/zustand-4.5.7.tgz 0ms (cache hit)
497 http cache fflate@https://registry.npmjs.org/fflate/-/fflate-0.6.11.tgz 0ms (cache hit)
498 http cache three@https://registry.npmjs.org/three/-/three-0.170.0.tgz 0ms (cache hit)
499 silly tarball no local data for bidi-js@https://registry.npmjs.org/bidi-js/-/bidi-js-1.1.0.tgz. Extracting by manifest.
500 silly tarball no local data for draco3d@https://registry.npmjs.org/draco3d/-/draco3d-1.5.7.tgz. Extracting by manifest.
501 silly tarball no local data for @types/offscreencanvas@https://registry.npmjs.org/@types/offscreencanvas/-/offscreencanvas-2019.7.3.tgz. Extracting by manifest.
502 silly tarball no local data for lie@https://registry.npmjs.org/lie/-/lie-3.3.0.tgz. Extracting by manifest.
503 silly tarball no local data for immediate@https://registry.npmjs.org/immediate/-/immediate-3.0.6.tgz. Extracting by manifest.
504 silly tarball no local data for troika-three-utils@https://registry.npmjs.org/troika-three-utils/-/troika-three-utils-0.52.5.tgz. Extracting by manifest.
505 silly tarball no local data for @types/draco3d@https://registry.npmjs.org/@types/draco3d/-/draco3d-1.4.10.tgz. Extracting by manifest.
506 silly tarball no local data for potpack@https://registry.npmjs.org/potpack/-/potpack-1.0.2.tgz. Extracting by manifest.
507 silly tarball no local data for is-promise@https://registry.npmjs.org/is-promise/-/is-promise-2.2.2.tgz. Extracting by manifest.
508 silly tarball no local data for webgl-constants@https://registry.npmjs.org/webgl-constants/-/webgl-constants-1.1.1.tgz. Extracting by manifest.
509 silly tarball no local data for @types/react-reconciler@https://registry.npmjs.org/@types/react-reconciler/-/react-reconciler-0.28.9.tgz. Extracting by manifest.
510 silly tarball no local data for ieee754@https://registry.npmjs.org/ieee754/-/ieee754-1.2.1.tgz. Extracting by manifest.
511 silly tarball no local data for motion-dom@https://registry.npmjs.org/motion-dom/-/motion-dom-13.3.0.tgz. Extracting by manifest.
512 silly tarball no local data for meshoptimizer@https://registry.npmjs.org/meshoptimizer/-/meshoptimizer-1.1.1.tgz. Extracting by manifest.
513 silly tarball no local data for @dimforge/rapier3d-compat@https://registry.npmjs.org/@dimforge/rapier3d-compat/-/rapier3d-compat-0.12.0.tgz. Extracting by manifest.
514 silly tarball no local data for motion-utils@https://registry.npmjs.org/motion-utils/-/motion-utils-13.3.0.tgz. Extracting by manifest.
515 silly tarball no local data for @use-gesture/core@https://registry.npmjs.org/@use-gesture/core/-/core-10.3.1.tgz. Extracting by manifest.
516 silly tarball no local data for @types/stats.js@https://registry.npmjs.org/@types/stats.js/-/stats.js-0.17.4.tgz. Extracting by manifest.
517 silly tarball no local data for react-use-measure@https://registry.npmjs.org/react-use-measure/-/react-use-measure-2.1.7.tgz. Extracting by manifest.
518 silly tarball no local data for buffer@https://registry.npmjs.org/buffer/-/buffer-6.0.3.tgz. Extracting by manifest.
519 silly tarball no local data for its-fine@https://registry.npmjs.org/its-fine/-/its-fine-2.0.0.tgz. Extracting by manifest.
520 silly tarball no local data for @tweenjs/tween.js@https://registry.npmjs.org/@tweenjs/tween.js/-/tween.js-23.1.3.tgz. Extracting by manifest.
521 silly tarball no local data for base64-js@https://registry.npmjs.org/base64-js/-/base64-js-1.5.1.tgz. Extracting by manifest.
522 silly tarball no local data for @types/webxr@https://registry.npmjs.org/@types/webxr/-/webxr-0.5.24.tgz. Extracting by manifest.
523 silly tarball no local data for zustand@https://registry.npmjs.org/zustand/-/zustand-5.0.15.tgz. Extracting by manifest.
524 silly tarball no local data for promise-worker-transferable@https://registry.npmjs.org/promise-worker-transferable/-/promise-worker-transferable-1.0.4.tgz. Extracting by manifest.
525 silly tarball no local data for fflate@https://registry.npmjs.org/fflate/-/fflate-0.8.3.tgz. Extracting by manifest.
526 silly tarball no local data for troika-three-text@https://registry.npmjs.org/troika-three-text/-/troika-three-text-0.52.5.tgz. Extracting by manifest.
527 silly tarball no local data for utility-types@https://registry.npmjs.org/utility-types/-/utility-types-3.11.0.tgz. Extracting by manifest.
528 silly tarball no local data for three-stdlib@https://registry.npmjs.org/three-stdlib/-/three-stdlib-2.36.1.tgz. Extracting by manifest.
529 silly tarball no local data for tunnel-rat@https://registry.npmjs.org/tunnel-rat/-/tunnel-rat-0.1.2.tgz. Extracting by manifest.
530 silly tarball no local data for three-mesh-bvh@https://registry.npmjs.org/three-mesh-bvh/-/three-mesh-bvh-0.8.3.tgz. Extracting by manifest.
531 silly tarball no local data for hls.js@https://registry.npmjs.org/hls.js/-/hls.js-1.7.3.tgz. Extracting by manifest.
532 silly tarball no local data for maath@https://registry.npmjs.org/maath/-/maath-0.10.8.tgz. Extracting by manifest.
533 silly tarball no local data for suspend-react@https://registry.npmjs.org/suspend-react/-/suspend-react-0.1.3.tgz. Extracting by manifest.
534 silly tarball no local data for stats.js@https://registry.npmjs.org/stats.js/-/stats.js-0.17.0.tgz. Extracting by manifest.
535 silly tarball no local data for use-sync-external-store@https://registry.npmjs.org/use-sync-external-store/-/use-sync-external-store-1.7.0.tgz. Extracting by manifest.
536 silly tarball no local data for meshline@https://registry.npmjs.org/meshline/-/meshline-3.3.1.tgz. Extracting by manifest.
537 silly tarball no local data for glsl-noise@https://registry.npmjs.org/glsl-noise/-/glsl-noise-0.0.0.tgz. Extracting by manifest.
538 silly tarball no local data for stats-gl@https://registry.npmjs.org/stats-gl/-/stats-gl-2.4.2.tgz. Extracting by manifest.
539 silly tarball no local data for detect-gpu@https://registry.npmjs.org/detect-gpu/-/detect-gpu-5.0.70.tgz. Extracting by manifest.
540 silly tarball no local data for camera-controls@https://registry.npmjs.org/camera-controls/-/camera-controls-3.1.2.tgz. Extracting by manifest.
541 silly tarball no local data for @use-gesture/react@https://registry.npmjs.org/@use-gesture/react/-/react-10.3.1.tgz. Extracting by manifest.
542 silly tarball no local data for three@https://registry.npmjs.org/three/-/three-0.186.0.tgz. Extracting by manifest.
543 silly tarball no local data for @babel/runtime@https://registry.npmjs.org/@babel/runtime/-/runtime-7.29.7.tgz. Extracting by manifest.
544 silly tarball no local data for @monogrid/gainmap-js@https://registry.npmjs.org/@monogrid/gainmap-js/-/gainmap-js-3.4.0.tgz. Extracting by manifest.
545 silly tarball no local data for cross-env@https://registry.npmjs.org/cross-env/-/cross-env-7.0.3.tgz. Extracting by manifest.
546 silly tarball no local data for @types/three@https://registry.npmjs.org/@types/three/-/three-0.186.0.tgz. Extracting by manifest.
547 silly tarball no local data for @react-three/fiber@https://registry.npmjs.org/@react-three/fiber/-/fiber-9.7.0.tgz. Extracting by manifest.
548 silly tarball no local data for @mediapipe/tasks-vision@https://registry.npmjs.org/@mediapipe/tasks-vision/-/tasks-vision-0.10.17.tgz. Extracting by manifest.
549 silly tarball no local data for @react-three/drei@https://registry.npmjs.org/@react-three/drei/-/drei-10.7.8.tgz. Extracting by manifest.
550 silly tarball no local data for framer-motion@https://registry.npmjs.org/framer-motion/-/framer-motion-13.4.0.tgz. Extracting by manifest.
551 silly tarball no local data for zustand@https://registry.npmjs.org/zustand/-/zustand-4.5.7.tgz. Extracting by manifest.
552 silly tarball no local data for fflate@https://registry.npmjs.org/fflate/-/fflate-0.6.11.tgz. Extracting by manifest.
553 silly tarball no local data for three@https://registry.npmjs.org/three/-/three-0.170.0.tgz. Extracting by manifest.
554 http fetch GET 200 https://registry.npmjs.org/require-from-string/-/require-from-string-2.0.2.tgz 30ms (cache miss)
555 http fetch GET 200 https://registry.npmjs.org/lie/-/lie-3.3.0.tgz 29ms (cache miss)
556 http fetch GET 200 https://registry.npmjs.org/troika-worker-utils/-/troika-worker-utils-0.52.0.tgz 31ms (cache miss)
557 http fetch GET 200 https://registry.npmjs.org/immediate/-/immediate-3.0.6.tgz 31ms (cache miss)
558 http fetch GET 200 https://registry.npmjs.org/@types/offscreencanvas/-/offscreencanvas-2019.7.3.tgz 46ms (cache miss)
559 http fetch GET 200 https://registry.npmjs.org/ieee754/-/ieee754-1.2.1.tgz 58ms (cache miss)
560 http fetch GET 200 https://registry.npmjs.org/webgl-sdf-generator/-/webgl-sdf-generator-1.1.1.tgz 59ms (cache miss)
561 http fetch GET 200 https://registry.npmjs.org/bidi-js/-/bidi-js-1.1.0.tgz 74ms (cache miss)
562 http fetch GET 200 https://registry.npmjs.org/react-use-measure/-/react-use-measure-2.1.7.tgz 143ms (cache miss)
563 http fetch GET 200 https://registry.npmjs.org/@types/stats.js/-/stats.js-0.17.4.tgz 143ms (cache miss)
564 http fetch GET 200 https://registry.npmjs.org/meshoptimizer/-/meshoptimizer-1.1.1.tgz 144ms (cache miss)
565 http fetch GET 200 https://registry.npmjs.org/motion-utils/-/motion-utils-13.3.0.tgz 152ms (cache miss)
566 http fetch GET 200 https://registry.npmjs.org/@use-gesture/core/-/core-10.3.1.tgz 187ms (cache miss)
567 http fetch GET 200 https://registry.npmjs.org/@types/draco3d/-/draco3d-1.4.10.tgz 206ms (cache miss)
568 http fetch GET 200 https://registry.npmjs.org/potpack/-/potpack-1.0.2.tgz 211ms (cache miss)
569 http fetch GET 200 https://registry.npmjs.org/troika-three-utils/-/troika-three-utils-0.52.5.tgz 212ms (cache miss)
570 http fetch GET 200 https://registry.npmjs.org/draco3d/-/draco3d-1.5.7.tgz 231ms (cache miss)
571 http fetch GET 200 https://registry.npmjs.org/base64-js/-/base64-js-1.5.1.tgz 233ms (cache miss)
572 http fetch GET 200 https://registry.npmjs.org/is-promise/-/is-promise-2.2.2.tgz 241ms (cache miss)
573 http fetch GET 200 https://registry.npmjs.org/its-fine/-/its-fine-2.0.0.tgz 240ms (cache miss)
574 http fetch GET 200 https://registry.npmjs.org/buffer/-/buffer-6.0.3.tgz 240ms (cache miss)
575 http fetch GET 200 https://registry.npmjs.org/@types/react-reconciler/-/react-reconciler-0.28.9.tgz 241ms (cache miss)
576 http fetch POST 200 https://registry.npmjs.org/-/npm/v1/security/advisories/bulk 254ms
577 silly audit report {}
578 http fetch GET 200 https://registry.npmjs.org/@tweenjs/tween.js/-/tween.js-23.1.3.tgz 246ms (cache miss)
579 http fetch GET 200 https://registry.npmjs.org/zustand/-/zustand-5.0.15.tgz 293ms (cache miss)
580 http fetch GET 200 https://registry.npmjs.org/promise-worker-transferable/-/promise-worker-transferable-1.0.4.tgz 296ms (cache miss)
581 http fetch GET 200 https://registry.npmjs.org/@types/webxr/-/webxr-0.5.24.tgz 297ms (cache miss)
582 http fetch GET 200 https://registry.npmjs.org/webgl-constants/-/webgl-constants-1.1.1.tgz 302ms (cache miss)
583 http fetch GET 200 https://registry.npmjs.org/stats.js/-/stats.js-0.17.0.tgz 354ms (cache miss)
584 http fetch GET 200 https://registry.npmjs.org/utility-types/-/utility-types-3.11.0.tgz 403ms (cache miss)
585 http fetch GET 200 https://registry.npmjs.org/suspend-react/-/suspend-react-0.1.3.tgz 403ms (cache miss)
586 http fetch GET 200 https://registry.npmjs.org/tunnel-rat/-/tunnel-rat-0.1.2.tgz 406ms (cache miss)
587 http fetch GET 200 https://registry.npmjs.org/use-sync-external-store/-/use-sync-external-store-1.7.0.tgz 450ms (cache miss)
588 http fetch GET 200 https://registry.npmjs.org/meshline/-/meshline-3.3.1.tgz 456ms (cache miss)
589 http fetch GET 200 https://registry.npmjs.org/glsl-noise/-/glsl-noise-0.0.0.tgz 460ms (cache miss)
590 http fetch GET 200 https://registry.npmjs.org/maath/-/maath-0.10.8.tgz 511ms (cache miss)
591 http fetch GET 200 https://registry.npmjs.org/fflate/-/fflate-0.8.3.tgz 567ms (cache miss)
592 http fetch GET 200 https://registry.npmjs.org/stats-gl/-/stats-gl-2.4.2.tgz 569ms (cache miss)
593 http fetch GET 200 https://registry.npmjs.org/camera-controls/-/camera-controls-3.1.2.tgz 641ms (cache miss)
594 http fetch GET 200 https://registry.npmjs.org/@use-gesture/react/-/react-10.3.1.tgz 657ms (cache miss)
595 http fetch GET 200 https://registry.npmjs.org/cross-env/-/cross-env-7.0.3.tgz 816ms (cache miss)
596 http fetch GET 200 https://registry.npmjs.org/@babel/runtime/-/runtime-7.29.7.tgz 818ms (cache miss)
597 http fetch GET 200 https://registry.npmjs.org/motion-dom/-/motion-dom-13.3.0.tgz 841ms (cache miss)
598 http fetch GET 200 https://registry.npmjs.org/troika-three-text/-/troika-three-text-0.52.5.tgz 909ms (cache miss)
599 http fetch GET 200 https://registry.npmjs.org/zustand/-/zustand-4.5.7.tgz 1064ms (cache miss)
600 http fetch GET 200 https://registry.npmjs.org/three-mesh-bvh/-/three-mesh-bvh-0.8.3.tgz 1182ms (cache miss)
601 http fetch GET 200 https://registry.npmjs.org/@monogrid/gainmap-js/-/gainmap-js-3.4.0.tgz 1189ms (cache miss)
602 http fetch GET 200 https://registry.npmjs.org/fflate/-/fflate-0.6.11.tgz 1276ms (cache miss)
603 http fetch GET 200 https://registry.npmjs.org/detect-gpu/-/detect-gpu-5.0.70.tgz 1309ms (cache miss)
604 http fetch GET 200 https://registry.npmjs.org/@types/three/-/three-0.186.0.tgz 1636ms (cache miss)
605 http fetch GET 200 https://registry.npmjs.org/@react-three/fiber/-/fiber-9.7.0.tgz 1752ms (cache miss)
606 http fetch GET 200 https://registry.npmjs.org/@react-three/drei/-/drei-10.7.8.tgz 2345ms (cache miss)
607 http fetch GET 200 https://registry.npmjs.org/@dimforge/rapier3d-compat/-/rapier3d-compat-0.12.0.tgz 3283ms (cache miss)
608 http fetch GET 200 https://registry.npmjs.org/framer-motion/-/framer-motion-13.4.0.tgz 3542ms (cache miss)
609 http fetch GET 200 https://registry.npmjs.org/three-stdlib/-/three-stdlib-2.36.1.tgz 6096ms (cache miss)
610 http fetch GET 200 https://registry.npmjs.org/@mediapipe/tasks-vision/-/tasks-vision-0.10.17.tgz 6897ms (cache miss)
611 http fetch GET 200 https://registry.npmjs.org/three/-/three-0.186.0.tgz 7005ms (cache miss)
612 http fetch GET 200 https://registry.npmjs.org/three/-/three-0.170.0.tgz 7414ms (cache miss)
613 http fetch GET 200 https://registry.npmjs.org/hls.js/-/hls.js-1.7.3.tgz 8344ms (cache miss)
614 silly ADD node_modules/require-from-string
615 silly ADD node_modules/webgl-sdf-generator
616 silly ADD node_modules/troika-worker-utils
617 silly ADD node_modules/troika-three-utils
618 silly ADD node_modules/bidi-js
619 silly ADD node_modules/potpack
620 silly ADD node_modules/draco3d
621 silly ADD node_modules/@types/offscreencanvas
622 silly ADD node_modules/@types/draco3d
623 silly ADD node_modules/immediate
624 silly ADD node_modules/lie
625 silly ADD node_modules/is-promise
626 silly ADD node_modules/@types/react-reconciler
627 silly ADD node_modules/motion-utils
628 silly ADD node_modules/motion-dom
629 silly ADD node_modules/webgl-constants
630 silly ADD node_modules/ieee754
631 silly ADD node_modules/@use-gesture/core
632 silly ADD node_modules/meshoptimizer
633 silly ADD node_modules/fflate
634 silly ADD node_modules/@types/stats.js
635 silly ADD node_modules/@tweenjs/tween.js
636 silly ADD node_modules/@dimforge/rapier3d-compat
637 silly ADD node_modules/react-use-measure
638 silly ADD node_modules/its-fine
639 silly ADD node_modules/buffer
640 silly ADD node_modules/base64-js
641 silly ADD node_modules/@types/webxr
642 silly ADD node_modules/promise-worker-transferable
643 silly ADD node_modules/zustand
644 silly ADD node_modules/utility-types
645 silly ADD node_modules/use-sync-external-store
646 silly ADD node_modules/tunnel-rat
647 silly ADD node_modules/tunnel-rat/node_modules/zustand
648 silly ADD node_modules/troika-three-text
649 silly ADD node_modules/three-stdlib
650 silly ADD node_modules/three-stdlib/node_modules/fflate
651 silly ADD node_modules/three-mesh-bvh
652 silly ADD node_modules/suspend-react
653 silly ADD node_modules/stats.js
654 silly ADD node_modules/stats-gl
655 silly ADD node_modules/stats-gl/node_modules/three
656 silly ADD node_modules/meshline
657 silly ADD node_modules/maath
658 silly ADD node_modules/hls.js
659 silly ADD node_modules/glsl-noise
660 silly ADD node_modules/detect-gpu
661 silly ADD node_modules/cross-env
662 silly ADD node_modules/camera-controls
663 silly ADD node_modules/@use-gesture/react
664 silly ADD node_modules/@monogrid/gainmap-js
665 silly ADD node_modules/@mediapipe/tasks-vision
666 silly ADD node_modules/@babel/runtime
667 silly ADD node_modules/three
668 silly ADD node_modules/framer-motion
669 silly ADD node_modules/@types/three
670 silly ADD node_modules/@react-three/fiber
671 silly ADD node_modules/@react-three/drei
672 warn allow-scripts 1 package has install scripts not yet covered by allowScripts:
672 warn allow-scripts   unrs-resolver@1.12.2 (install: (install scripts present))
672 warn allow-scripts
672 warn allow-scripts Run `npm approve-scripts --allow-scripts-pending` to review, or `npm approve-scripts <pkg>` to allow.
673 verbose cwd /Users/shaswatsinha/portfolio
674 verbose os Darwin 25.6.0
675 verbose node v24.18.0
676 verbose npm  v11.16.0
677 verbose exit 0
678 info ok
